2019-01-10 14:56:56.682 [INF] HCD: this si my log 0
2019-01-10 14:56:56.704 [INF] TEST: this is test log 0
2019-01-10 14:56:56.704 [INF] HCD: this si my log 1
2019-01-10 14:56:56.704 [INF] TEST: this is test log 1
2019-01-10 14:56:56.704 [INF] HCD: this si my log 2
2019-01-10 14:56:56.704 [INF] TEST: this is test log 2
2019-01-10 14:56:56.704 [INF] HCD: this si my log 3
2019-01-10 14:56:56.704 [INF] TEST: this is test log 3
2019-01-10 14:56:56.704 [INF] HCD: this si my log 4
2019-01-10 14:56:56.704 [INF] TEST: this is test log 4
2019-01-10 14:56:56.704 [INF] HCD: this si my log 5
2019-01-10 14:56:56.704 [INF] TEST: this is test log 5
2019-01-10 14:56:56.704 [INF] HCD: this si my log 6
2019-01-10 14:56:56.704 [INF] TEST: this is test log 6
2019-01-10 14:56:56.704 [INF] HCD: this si my log 7
2019-01-10 14:56:56.704 [INF] TEST: this is test log 7
2019-01-10 14:56:56.704 [INF] HCD: this si my log 8
2019-01-10 14:56:56.704 [INF] TEST: this is test log 8
2019-01-10 14:56:56.704 [INF] HCD: this si my log 9
2019-01-10 14:56:56.704 [INF] TEST: this is test log 9
